To honour the JVM settings for this build a single-use Daemon process will be forked. For more on this, please refer to https://docs.gradle.org/8.11.1/userguide/gradle_daemon.html#sec:disabling_the_daemon in the Gradle documentation.
Daemon JVM discovery is an incubating feature.
Daemon will be stopped at the end of the build 
> Task :androidApp:checkKotlinGradlePluginConfigurationErrors SKIPPED
> Task :androidApp:preBuild UP-TO-DATE
> Task :androidApp:preDebugBuild UP-TO-DATE
> Task :androidApp:generateDebugBuildConfig UP-TO-DATE
> Task :androidApp:checkDebugAarMetadata UP-TO-DATE
> Task :androidApp:generateDebugResValues UP-TO-DATE
> Task :androidApp:mapDebugSourceSetPaths UP-TO-DATE
> Task :androidApp:generateDebugResources UP-TO-DATE
> Task :androidApp:mergeDebugResources UP-TO-DATE
> Task :androidApp:packageDebugResources UP-TO-DATE
> Task :androidApp:parseDebugLocalResources UP-TO-DATE
> Task :androidApp:createDebugCompatibleScreenManifests UP-TO-DATE
> Task :androidApp:extractDeepLinksDebug UP-TO-DATE
> Task :androidApp:processDebugMainManifest UP-TO-DATE
> Task :androidApp:processDebugManifest UP-TO-DATE
> Task :androidApp:processDebugManifestForPackage UP-TO-DATE
> Task :androidApp:processDebugResources UP-TO-DATE
> Task :androidApp:kspDebugKotlin UP-TO-DATE

> Task :androidApp:compileDebugKotlin
.\gradlew : e: file:///C:/Users/kumar/OneDrive/Desktop/ChangeYourLife/androidApp/src/main/java/com/changeyourlife/cyl/p
resentation/page/PageEditorRoute.kt:1903:22 Unresolved reference 'rememberModalBottomSheetState'.
At line:1 char:1
+ .\gradlew :androidApp:compileDebugKotlin --no-daemon 2>&1 | Out-File  ...
+ ~~~~~~~~~~~~~~~~~~~~~~~~~~~~~~~~~~~~~~~~~~~~~~~~~~~~~~~~~
    + CategoryInfo          : NotSpecified: (e: file:///C:/U...tomSheetState'.:String) [], RemoteException
    + FullyQualifiedErrorId : NativeCommandError
 

> Task :androidApp:compileDebugKotlin FAILED

FAILURE: Build failed with an exception.

* What went wrong:
Execution failed for task ':androidApp:compileDebugKotlin'.
> A failure occurred while executing org.jetbrains.kotlin.compilerRunner.btapi.BuildToolsApiCompilationWork
   > Compilation error. See log for more details

* Try:
> Run with --stacktrace option to get the stack trace.
> Run with --info or --debug option to get more log output.
> Run with --scan to get full insights.
> Get more help at https://help.gradle.org.

BUILD FAILED in 15s
16 actionable tasks: 1 executed, 15 up-to-date
